Archive member included because of file (symbol)

c:/program files (x86)/atmel/atmel toolchain/avr8 gcc/native/3.4.1061/avr8-gnu-toolchain/bin/../lib/gcc/avr/4.8.1/../../../../avr/lib/avr6\libm.a(addsf3.o)
                              arduino/Print.o (__subsf3)
c:/program files (x86)/atmel/atmel toolchain/avr8 gcc/native/3.4.1061/avr8-gnu-toolchain/bin/../lib/gcc/avr/4.8.1/../../../../avr/lib/avr6\libm.a(addsf3x.o)
                              c:/program files (x86)/atmel/atmel toolchain/avr8 gcc/native/3.4.1061/avr8-gnu-toolchain/bin/../lib/gcc/avr/4.8.1/../../../../avr/lib/avr6\libm.a(addsf3.o) (__addsf3x)
c:/program files (x86)/atmel/atmel toolchain/avr8 gcc/native/3.4.1061/avr8-gnu-toolchain/bin/../lib/gcc/avr/4.8.1/../../../../avr/lib/avr6\libm.a(cmpsf2.o)
                              arduino/Print.o (__ltsf2)
c:/program files (x86)/atmel/atmel toolchain/avr8 gcc/native/3.4.1061/avr8-gnu-toolchain/bin/../lib/gcc/avr/4.8.1/../../../../avr/lib/avr6\libm.a(divsf3.o)
                              arduino/Print.o (__divsf3)
c:/program files (x86)/atmel/atmel toolchain/avr8 gcc/native/3.4.1061/avr8-gnu-toolchain/bin/../lib/gcc/avr/4.8.1/../../../../avr/lib/avr6\libm.a(divsf3x.o)
                              c:/program files (x86)/atmel/atmel toolchain/avr8 gcc/native/3.4.1061/avr8-gnu-toolchain/bin/../lib/gcc/avr/4.8.1/../../../../avr/lib/avr6\libm.a(divsf3.o) (__divsf3x)
c:/program files (x86)/atmel/atmel toolchain/avr8 gcc/native/3.4.1061/avr8-gnu-toolchain/bin/../lib/gcc/avr/4.8.1/../../../../avr/lib/avr6\libm.a(fixsfsi.o)
                              arduino/Print.o (__fixsfsi)
c:/program files (x86)/atmel/atmel toolchain/avr8 gcc/native/3.4.1061/avr8-gnu-toolchain/bin/../lib/gcc/avr/4.8.1/../../../../avr/lib/avr6\libm.a(fixunssfsi.o)
                              arduino/Print.o (__fixunssfsi)
c:/program files (x86)/atmel/atmel toolchain/avr8 gcc/native/3.4.1061/avr8-gnu-toolchain/bin/../lib/gcc/avr/4.8.1/../../../../avr/lib/avr6\libm.a(floatsisf.o)
                              arduino/Print.o (__floatunsisf)
c:/program files (x86)/atmel/atmel toolchain/avr8 gcc/native/3.4.1061/avr8-gnu-toolchain/bin/../lib/gcc/avr/4.8.1/../../../../avr/lib/avr6\libm.a(fp_cmp.o)
                              c:/program files (x86)/atmel/atmel toolchain/avr8 gcc/native/3.4.1061/avr8-gnu-toolchain/bin/../lib/gcc/avr/4.8.1/../../../../avr/lib/avr6\libm.a(cmpsf2.o) (__fp_cmp)
c:/program files (x86)/atmel/atmel toolchain/avr8 gcc/native/3.4.1061/avr8-gnu-toolchain/bin/../lib/gcc/avr/4.8.1/../../../../avr/lib/avr6\libm.a(fp_inf.o)
                              c:/program files (x86)/atmel/atmel toolchain/avr8 gcc/native/3.4.1061/avr8-gnu-toolchain/bin/../lib/gcc/avr/4.8.1/../../../../avr/lib/avr6\libm.a(addsf3x.o) (__fp_inf)
c:/program files (x86)/atmel/atmel toolchain/avr8 gcc/native/3.4.1061/avr8-gnu-toolchain/bin/../lib/gcc/avr/4.8.1/../../../../avr/lib/avr6\libm.a(fp_nan.o)
                              c:/program files (x86)/atmel/atmel toolchain/avr8 gcc/native/3.4.1061/avr8-gnu-toolchain/bin/../lib/gcc/avr/4.8.1/../../../../avr/lib/avr6\libm.a(addsf3x.o) (__fp_nan)
c:/program files (x86)/atmel/atmel toolchain/avr8 gcc/native/3.4.1061/avr8-gnu-toolchain/bin/../lib/gcc/avr/4.8.1/../../../../avr/lib/avr6\libm.a(fp_pscA.o)
                              c:/program files (x86)/atmel/atmel toolchain/avr8 gcc/native/3.4.1061/avr8-gnu-toolchain/bin/../lib/gcc/avr/4.8.1/../../../../avr/lib/avr6\libm.a(addsf3x.o) (__fp_pscA)
c:/program files (x86)/atmel/atmel toolchain/avr8 gcc/native/3.4.1061/avr8-gnu-toolchain/bin/../lib/gcc/avr/4.8.1/../../../../avr/lib/avr6\libm.a(fp_pscB.o)
                              c:/program files (x86)/atmel/atmel toolchain/avr8 gcc/native/3.4.1061/avr8-gnu-toolchain/bin/../lib/gcc/avr/4.8.1/../../../../avr/lib/avr6\libm.a(addsf3x.o) (__fp_pscB)
c:/program files (x86)/atmel/atmel toolchain/avr8 gcc/native/3.4.1061/avr8-gnu-toolchain/bin/../lib/gcc/avr/4.8.1/../../../../avr/lib/avr6\libm.a(fp_round.o)
                              c:/program files (x86)/atmel/atmel toolchain/avr8 gcc/native/3.4.1061/avr8-gnu-toolchain/bin/../lib/gcc/avr/4.8.1/../../../../avr/lib/avr6\libm.a(addsf3.o) (__fp_round)
c:/program files (x86)/atmel/atmel toolchain/avr8 gcc/native/3.4.1061/avr8-gnu-toolchain/bin/../lib/gcc/avr/4.8.1/../../../../avr/lib/avr6\libm.a(fp_split3.o)
                              c:/program files (x86)/atmel/atmel toolchain/avr8 gcc/native/3.4.1061/avr8-gnu-toolchain/bin/../lib/gcc/avr/4.8.1/../../../../avr/lib/avr6\libm.a(addsf3x.o) (__fp_split3)
c:/program files (x86)/atmel/atmel toolchain/avr8 gcc/native/3.4.1061/avr8-gnu-toolchain/bin/../lib/gcc/avr/4.8.1/../../../../avr/lib/avr6\libm.a(fp_zero.o)
                              c:/program files (x86)/atmel/atmel toolchain/avr8 gcc/native/3.4.1061/avr8-gnu-toolchain/bin/../lib/gcc/avr/4.8.1/../../../../avr/lib/avr6\libm.a(addsf3x.o) (__fp_zero)
[...]
Memory Configuration

Name             Origin             Length             Attributes
text             0x00000000         0x00100000         xr
data             0x00800200         0x0000fe00         rw !x
eeprom           0x00810000         0x00010000         rw !x
fuse             0x00820000         0x00000400         rw !x
lock             0x00830000         0x00000400         rw !x
signature        0x00840000         0x00000400         rw !x
user_signatures  0x00850000         0x00000400         rw !x
*default*        0x00000000         0xffffffff

Linker script and memory map

Address of section .data set to 0x800200
LOAD c:/program files (x86)/atmel/atmel toolchain/avr8 gcc/native/3.4.1061/avr8-gnu-toolchain/bin/../lib/gcc/avr/4.8.1/../../../../avr/lib/avr6/crtm2560.o
LOAD arduino/HardwareSerial.o
LOAD arduino/new.o
LOAD arduino/Print.o
LOAD arduino/Stream.o
LOAD arduino/wiring.o
LOAD arduino/wiring_analog.o
LOAD arduino/wiring_digital.o
LOAD arduino/wiring_pulse.o
LOAD arduino/wiring_shift.o
LOAD arduino/WString.o
LOAD project3/gun.o
LOAD project3/irobot/irobot.o
LOAD project3/radio/radio.o
LOAD project3/radio/spi.o
LOAD project3/rtos/os.o
LOAD project3/test.o
START GROUP
LOAD c:/program files (x86)/atmel/atmel toolchain/avr8 gcc/native/3.4.1061/avr8-gnu-toolchain/bin/../lib/gcc/avr/4.8.1/../../../../avr/lib/avr6\libm.a
END GROUP
LOAD c:/program files (x86)/atmel/atmel toolchain/avr8 gcc/native/3.4.1061/avr8-gnu-toolchain/bin/../lib/gcc/avr/4.8.1/avr6\libgcc.a
LOAD c:/program files (x86)/atmel/atmel toolchain/avr8 gcc/native/3.4.1061/avr8-gnu-toolchain/bin/../lib/gcc/avr/4.8.1/../../../../avr/lib/avr6\libm.a
START GROUP
LOAD c:/program files (x86)/atmel/atmel toolchain/avr8 gcc/native/3.4.1061/avr8-gnu-toolchain/bin/../lib/gcc/avr/4.8.1/avr6\libgcc.a
LOAD c:/program files (x86)/atmel/atmel toolchain/avr8 gcc/native/3.4.1061/avr8-gnu-toolchain/bin/../lib/gcc/avr/4.8.1/../../../../avr/lib/avr6\libm.a
LOAD c:/program files (x86)/atmel/atmel toolchain/avr8 gcc/native/3.4.1061/avr8-gnu-toolchain/bin/../lib/gcc/avr/4.8.1/../../../../avr/lib/avr6\libc.a
END GROUP

.hash
 *(.hash)

.dynsym
 *(.dynsym)

.dynstr
 *(.dynstr)

.gnu.version
 *(.gnu.version)

.gnu.version_d
 *(.gnu.version_d)

.gnu.version_r
 *(.gnu.version_r)

.rel.init
 *(.rel.init)

.rela.init
 *(.rela.init)

.rel.text
 *(.rel.text)
 *(.rel.text.*)
 *(.rel.gnu.linkonce.t*)

.rela.text
 *(.rela.text)
 *(.rela.text.*)
 *(.rela.gnu.linkonce.t*)

.rel.fini
 *(.rel.fini)

.rela.fini
 *(.rela.fini)

.rel.rodata
 *(.rel.rodata)
 *(.rel.rodata.*)
 *(.rel.gnu.linkonce.r*)

.rela.rodata
 *(.rela.rodata)
 *(.rela.rodata.*)
 *(.rela.gnu.linkonce.r*)

.rel.data
 *(.rel.data)
 *(.rel.data.*)
 *(.rel.gnu.linkonce.d*)

.rela.data
 *(.rela.data)
 *(.rela.data.*)
 *(.rela.gnu.linkonce.d*)

.rel.ctors
 *(.rel.ctors)

.rela.ctors
 *(.rela.ctors)

.rel.dtors
 *(.rel.dtors)

.rela.dtors
 *(.rela.dtors)

.rel.got
 *(.rel.got)

.rela.got
 *(.rela.got)

.rel.bss
 *(.rel.bss)

.rela.bss
 *(.rela.bss)

.rel.plt
 *(.rel.plt)

.rela.plt
 *(.rela.plt)

.text           0x00000000     0x1dfe
 *(.vectors)
 .vectors       0x00000000       0xe4 c:/program files (x86)/atmel/atmel toolchain/avr8 gcc/native/3.4.1061/avr8-gnu-toolchain/bin/../lib/gcc/avr/4.8.1/../../../../avr/lib/avr6/crtm2560.o
                0x00000000                __vector_default
                0x00000000                __vectors
 *(.vectors)
 *(.progmem.gcc*)
 .progmem.gcc_sw_table.turnOffPWM
                0x000000e4       0x22 arduino/wiring_digital.o
 .progmem.gcc_sw_table._Z7OS_Initv
                0x00000106       0x14 project3/rtos/os.o
                0x0000011a                . = ALIGN (0x2)
                0x0000011a                __trampolines_start = .
 *(.trampolines)
 .trampolines   0x0000011a        0x0 linker stubs
 *(.trampolines*)
                0x0000011a                __trampolines_end = .
 *(.progmem*)
 .progmem.data.digital_pin_to_timer_PGM
                0x0000011a       0x46 arduino/wiring_digital.o
                0x0000011a                digital_pin_to_timer_PGM
 .progmem.data.digital_pin_to_bit_mask_PGM
                0x00000160       0x46 arduino/wiring_digital.o
                0x00000160                digital_pin_to_bit_mask_PGM
 .progmem.data.digital_pin_to_port_PGM
                0x000001a6       0x46 arduino/wiring_digital.o
                0x000001a6                digital_pin_to_port_PGM
 .progmem.data.port_to_output_PGM
                0x000001ec       0x1a arduino/wiring_digital.o
                0x000001ec                port_to_output_PGM
 .progmem.data.port_to_mode_PGM
                0x00000206       0x1a arduino/wiring_digital.o
                0x00000206                port_to_mode_PGM
                0x00000220                . = ALIGN (0x2)
 *(.jumptables)
 *(.jumptables*)
 *(.lowtext)
 *(.lowtext*)
                0x00000220                __ctors_start = .
 *(.ctors)
 .ctors         0x00000220        0x2 arduino/HardwareSerial.o
 .ctors         0x00000222        0x2 project3/test.o
                0x00000224                __ctors_end = .
                0x00000224                __dtors_start = .
 *(.dtors)
                0x00000224                __dtors_end = .
 SORT(*)(.ctors)
 SORT(*)(.dtors)
 *(.init0)
 .init0         0x00000224        0x0 c:/program files (x86)/atmel/atmel toolchain/avr8 gcc/native/3.4.1061/avr8-gnu-toolchain/bin/../lib/gcc/avr/4.8.1/../../../../avr/lib/avr6/crtm2560.o
                0x00000224                __init
 *(.init0)
 *(.init1)
 *(.init1)
 *(.init2)
 .init2         0x00000224       0x10 c:/program files (x86)/atmel/atmel toolchain/avr8 gcc/native/3.4.1061/avr8-gnu-toolchain/bin/../lib/gcc/avr/4.8.1/../../../../avr/lib/avr6/crtm2560.o
 *(.init2)
 *(.init3)
 *(.init3)
 *(.init4)
 .init4         0x00000234       0x1a c:/program files (x86)/atmel/atmel toolchain/avr8 gcc/native/3.4.1061/avr8-gnu-toolchain/bin/../lib/gcc/avr/4.8.1/avr6\libgcc.a(_copy_data.o)
                0x00000234                __do_copy_data
 .init4         0x0000024e       0x10 c:/program files (x86)/atmel/atmel toolchain/avr8 gcc/native/3.4.1061/avr8-gnu-toolchain/bin/../lib/gcc/avr/4.8.1/avr6\libgcc.a(_clear_bss.o)
                0x0000024e                __do_clear_bss
 *(.init4)
 *(.init5)
 *(.init5)
 *(.init6)
 .init6         0x0000025e       0x20 c:/program files (x86)/atmel/atmel toolchain/avr8 gcc/native/3.4.1061/avr8-gnu-toolchain/bin/../lib/gcc/avr/4.8.1/avr6\libgcc.a(_ctors.o)
                0x0000025e                __do_global_ctors
 *(.init6)
 *(.init7)
 *(.init7)
 *(.init8)
 *(.init8)
 *(.init9)
 .init9         0x0000027e        0x8 c:/program files (x86)/atmel/atmel toolchain/avr8 gcc/native/3.4.1061/avr8-gnu-toolchain/bin/../lib/gcc/avr/4.8.1/../../../../avr/lib/avr6/crtm2560.o
 *(.init9)
 *(.text)
 .text          0x00000286        0x2 c:/program files (x86)/atmel/atmel toolchain/avr8 gcc/native/3.4.1061/avr8-gnu-toolchain/bin/../lib/gcc/avr/4.8.1/../../../../avr/lib/avr6/crtm2560.o
                0x00000286                __vector_38
                0x00000286                __vector_22
                0x00000286                __vector_28
                0x00000286                __vector_1
                0x00000286                __vector_32
                0x00000286                __vector_34
                0x00000286                __vector_24
                0x00000286                __vector_12
                0x00000286                __vector_46
                0x00000286                __bad_interrupt
                0x00000286                __vector_6
                0x00000286                __vector_31
                0x00000286                __vector_35
                0x00000286                __vector_39
                0x00000286                __vector_3
                0x00000286                __vector_30
                0x00000286                __vector_45
                0x00000286                __vector_11
                0x00000286                __vector_13
                0x00000286                __vector_19
                0x00000286                __vector_56
                0x00000286                __vector_7
                0x00000286                __vector_49
                0x00000286                __vector_41
                0x00000286                __vector_43
                0x00000286                __vector_27
                0x00000286                __vector_33
                0x00000286                __vector_47
                0x00000286                __vector_4
                0x00000286                __vector_44
                0x00000286                __vector_9
                0x00000286                __vector_2
                0x00000286                __vector_21
                0x00000286                __vector_15
                0x00000286                __vector_29
                0x00000286                __vector_40
                0x00000286                __vector_8
                0x00000286                __vector_48
                0x00000286                __vector_14
                0x00000286                __vector_53
                0x00000286                __vector_10
                0x00000286                __vector_50
                0x00000286                __vector_16
                0x00000286                __vector_18
                0x00000286                __vector_20
                0x00000288                . = ALIGN (0x2)
 *(.text.*)
 .text._ZN14HardwareSerial9availableEv
                0x00000288       0x30 arduino/HardwareSerial.o
                0x00000288                _ZN14HardwareSerial9availableEv
 .text._ZN14HardwareSerial4peekEv
                0x000002b8       0x32 arduino/HardwareSerial.o
                0x000002b8                _ZN14HardwareSerial4peekEv
 .text._ZN14HardwareSerial4readEv
                0x000002ea       0x42 arduino/HardwareSerial.o
                0x000002ea                _ZN14HardwareSerial4readEv
 .text._ZN14HardwareSerial5flushEv
                0x0000032c       0x16 arduino/HardwareSerial.o
                0x0000032c                _ZN14HardwareSerial5flushEv
 .text._ZN14HardwareSerial5writeEh
                0x00000342       0x8c arduino/HardwareSerial.o
                0x00000342                _ZN14HardwareSerial5writeEh
 .text.__vector_25
                0x000003ce       0x80 arduino/HardwareSerial.o
                0x000003ce                __vector_25
 .text.__vector_36
                0x0000044e       0x80 arduino/HardwareSerial.o
                0x0000044e                __vector_36
 .text.__vector_51
                0x000004ce       0x80 arduino/HardwareSerial.o
                0x000004ce                __vector_51
 .text.__vector_54
                0x0000054e       0x80 arduino/HardwareSerial.o
                0x0000054e                __vector_54
 .text.__vector_26
                0x000005ce       0x7e arduino/HardwareSerial.o
                0x000005ce                __vector_26
 .text.__vector_37
                0x0000064c       0x7e arduino/HardwareSerial.o
                0x0000064c                __vector_37
 .text.__vector_52
                0x000006ca       0x7e arduino/HardwareSerial.o
                0x000006ca                __vector_52
 .text.__vector_55
                0x00000748       0x7e arduino/HardwareSerial.o
                0x00000748                __vector_55
 .text._ZN14HardwareSerialC2EP11ring_bufferS1_PVhS3_S3_S3_S3_S3_hhhhh
                0x000007c6       0x88 arduino/HardwareSerial.o
                0x000007c6                _ZN14HardwareSerialC2EP11ring_bufferS1_PVhS3_S3_S3_S3_S3_hhhhh
                0x000007c6                _ZN14HardwareSerialC1EP11ring_bufferS1_PVhS3_S3_S3_S3_S3_hhhhh
 .text._ZN14HardwareSerial5beginEm
                0x0000084e      0x10a arduino/HardwareSerial.o
                0x0000084e                _ZN14HardwareSerial5beginEm
 .text._GLOBAL__sub_I_rx_buffer
                0x00000958      0x18e arduino/HardwareSerial.o
 .text._ZN5Print5writeEPKhj
                0x00000ae6       0x5c arduino/Print.o
                0x00000ae6                _ZN5Print5writeEPKhj
 .text.__vector_23
                0x00000b42       0x94 arduino/wiring.o
                0x00000b42                __vector_23
 .text.init     0x00000bd6       0xc4 arduino/wiring.o
                0x00000bd6                init
 .text.turnOffPWM
                0x00000c9a       0xc2 arduino/wiring_digital.o
 .text.pinMode  0x00000d5c       0x7c arduino/wiring_digital.o
                0x00000d5c                pinMode
 .text.digitalWrite
                0x00000dd8       0x60 arduino/wiring_digital.o
                0x00000dd8                digitalWrite
 .text._ZN14robot_tag_game3gunC2Ev
                0x00000e38       0x10 project3/gun.o
                0x00000e38                _ZN14robot_tag_game3gunC2Ev
                0x00000e38                _ZN14robot_tag_game3gunC1Ev
 .text._ZN14robot_tag_game3gun4initEv
                0x00000e48       0x98 project3/gun.o
                0x00000e48                _ZN14robot_tag_game3gun4initEv
 .text._ZN14robot_tag_game3gun7send_hiEv
                0x00000ee0       0x12 project3/gun.o
                0x00000ee0                _ZN14robot_tag_game3gun7send_hiEv
 .text._ZN14robot_tag_game3gun7send_loEv
                0x00000ef2       0x12 project3/gun.o
                0x00000ef2                _ZN14robot_tag_game3gun7send_loEv
 .text._ZN14robot_tag_game3gun9next_tickEv
                0x00000f04       0xee project3/gun.o
                0x00000f04                _ZN14robot_tag_game3gun9next_tickEv
 .text.__vector_42
                0x00000ff2       0x72 project3/gun.o
                0x00000ff2                __vector_42
 .text.get_status
                0x00001064       0x1e project3/radio/radio.o
 .text.set_register
                0x00001082       0x3e project3/radio/radio.o
 .text.reset_pipe0_address
                0x000010c0       0x14 project3/radio/radio.o
 .text.send_instruction
                0x000010d4       0x4a project3/radio/radio.o
 .text.get_register
                0x0000111e       0x5a project3/radio/radio.o
 .text.set_rx_mode
                0x00001178       0x4c project3/radio/radio.o
 .text.__vector_5
                0x000011c4      0x108 project3/radio/radio.o
                0x000011c4                __vector_5
 .text.SPI_ReadWrite_Block
                0x000012cc       0x26 project3/radio/spi.o
                0x000012cc                SPI_ReadWrite_Block
 .text.SPI_Write_Block
                0x000012f2       0x1e project3/radio/spi.o
                0x000012f2                SPI_Write_Block
 .text.SPI_Write_Byte
                0x00001310        0xc project3/radio/spi.o
                0x00001310                SPI_Write_Byte
 .text._ZL4idlev
                0x0000131c        0x2 project3/rtos/os.o
 .text._ZL11exit_kernelv
                0x0000131e       0xb2 project3/rtos/os.o
 .text._ZL12enter_kernelv
                0x000013d0       0xb2 project3/rtos/os.o
 .text._ZL7enqueueP7queue_tP9td_struct
                0x00001482       0x30 project3/rtos/os.o
 .text._ZL19kernel_enqueue_taskP9td_struct
                0x000014b2       0x2a project3/rtos/os.o
 .text.Task_Terminate
                0x000014dc       0x14 project3/rtos/os.o
                0x000014dc                Task_Terminate
 .text.__vector_17
                0x000014f0       0xd6 project3/rtos/os.o
                0x000014f0                __vector_17
 .text.OS_Abort
                0x000015c6       0xa4 project3/rtos/os.o
                0x000015c6                OS_Abort
 .text._ZL18kernel_create_taskv
                0x0000166a      0x146 project3/rtos/os.o
 .text._Z7OS_Initv
                0x000017b0      0x572 project3/rtos/os.o
                0x000017b0                _Z7OS_Initv
 .text.main     0x00001d22        0x6 project3/rtos/os.o
                0x00001d22                main
 .text.radio_rxhandler
                0x00001d28        0x2 project3/test.o
                0x00001d28                radio_rxhandler
 .text._Z6r_mainv
                0x00001d2a       0x22 project3/test.o
                0x00001d2a                _Z6r_mainv
 .text._GLOBAL__sub_I_g
                0x00001d4c        0x8 project3/test.o
 .text.libgcc.div
                0x00001d54       0x26 c:/program files (x86)/atmel/atmel toolchain/avr8 gcc/native/3.4.1061/avr8-gnu-toolchain/bin/../lib/gcc/avr/4.8.1/avr6\libgcc.a(_divmodhi4.o)
                0x00001d54                _div
                0x00001d54                __divmodhi4
 .text.libgcc.div
                0x00001d7a       0x44 c:/program files (x86)/atmel/atmel toolchain/avr8 gcc/native/3.4.1061/avr8-gnu-toolchain/bin/../lib/gcc/avr/4.8.1/avr6\libgcc.a(_udivmodsi4.o)
                0x00001d7a                __udivmodsi4
 .text.libgcc   0x00001dbe        0xc c:/program files (x86)/atmel/atmel toolchain/avr8 gcc/native/3.4.1061/avr8-gnu-toolchain/bin/../lib/gcc/avr/4.8.1/avr6\libgcc.a(_tablejump.o)
                0x00001dbe                __tablejump2__
                0x00001dc2                __tablejump__
 .text.libgcc   0x00001dca        0x8 c:/program files (x86)/atmel/atmel toolchain/avr8 gcc/native/3.4.1061/avr8-gnu-toolchain/bin/../lib/gcc/avr/4.8.1/avr6\libgcc.a(_tablejump_elpm.o)
                0x00001dca                __tablejump_elpm__
 .text.libgcc.div
                0x00001dd2       0x28 c:/program files (x86)/atmel/atmel toolchain/avr8 gcc/native/3.4.1061/avr8-gnu-toolchain/bin/../lib/gcc/avr/4.8.1/avr6\libgcc.a(_udivmodhi4.o)
                0x00001dd2                __udivmodhi4
                0x00001dfa                . = ALIGN (0x2)
 *(.fini9)
 .fini9         0x00001dfa        0x0 c:/program files (x86)/atmel/atmel toolchain/avr8 gcc/native/3.4.1061/avr8-gnu-toolchain/bin/../lib/gcc/avr/4.8.1/avr6\libgcc.a(_exit.o)
                0x00001dfa                _exit
                0x00001dfa                exit
 *(.fini9)
 *(.fini8)
 *(.fini8)
 *(.fini7)
 *(.fini7)
 *(.fini6)
 *(.fini6)
 *(.fini5)
 *(.fini5)
 *(.fini4)
 *(.fini4)
 *(.fini3)
 *(.fini3)
 *(.fini2)
 *(.fini2)
 *(.fini1)
 *(.fini1)
 *(.fini0)
 .fini0         0x00001dfa        0x4 c:/program files (x86)/atmel/atmel toolchain/avr8 gcc/native/3.4.1061/avr8-gnu-toolchain/bin/../lib/gcc/avr/4.8.1/avr6\libgcc.a(_exit.o)
 *(.fini0)
                0x00001dfe                _etext = .

.data           0x00800200       0x28 load address 0x00001dfe
                0x00800200                PROVIDE (__data_start, .)
 *(.data)
 *(.data*)
 .data._ZN14robot_tag_game7sendingE
                0x00800200        0x2 project3/gun.o
                0x00800200                _ZN14robot_tag_game7sendingE
 .data.tx_last_status
                0x00800202        0x1 project3/radio/radio.o
 .data.tx_history
                0x00800203        0x2 project3/radio/radio.o
 .data.rx_pipe0_address
                0x00800205        0x5 project3/radio/radio.o
 .data.rx_pipe_widths
                0x0080020a        0x6 project3/radio/radio.o
 *(.rodata)
 *(.rodata*)
 .rodata._ZTV14HardwareSerial
                0x00800210       0x10 arduino/HardwareSerial.o
                0x00800210                _ZTV14HardwareSerial
 .rodata.str1.1
                0x00800220        0x7 project3/gun.o
 *(.gnu.linkonce.d*)
                0x00800228                . = ALIGN (0x2)
 *fill*         0x00800227        0x1 
                0x00800228                _edata = .
                0x00800228                PROVIDE (__data_end, .)

.bss            0x00800228     0x10f8
                0x00800228                PROVIDE (__bss_start, .)
 *(.bss)
 *(.bss*)
 .bss.Serial3   0x00800228       0x22 arduino/HardwareSerial.o
                0x00800228                Serial3
 .bss.Serial2   0x0080024a       0x22 arduino/HardwareSerial.o
                0x0080024a                Serial2
 .bss.Serial1   0x0080026c       0x22 arduino/HardwareSerial.o
                0x0080026c                Serial1
 .bss.Serial    0x0080028e       0x22 arduino/HardwareSerial.o
                0x0080028e                Serial
 .bss.tx_buffer3
                0x008002b0       0x44 arduino/HardwareSerial.o
                0x008002b0                tx_buffer3
 .bss.rx_buffer3
                0x008002f4       0x44 arduino/HardwareSerial.o
                0x008002f4                rx_buffer3
 .bss.tx_buffer2
                0x00800338       0x44 arduino/HardwareSerial.o
                0x00800338                tx_buffer2
 .bss.rx_buffer2
                0x0080037c       0x44 arduino/HardwareSerial.o
                0x0080037c                rx_buffer2
 .bss.tx_buffer1
                0x008003c0       0x44 arduino/HardwareSerial.o
                0x008003c0                tx_buffer1
 .bss.rx_buffer1
                0x00800404       0x44 arduino/HardwareSerial.o
                0x00800404                rx_buffer1
 .bss.tx_buffer
                0x00800448       0x44 arduino/HardwareSerial.o
                0x00800448                tx_buffer
 .bss.rx_buffer
                0x0080048c       0x44 arduino/HardwareSerial.o
                0x0080048c                rx_buffer
 .bss.timer0_fract
                0x008004d0        0x1 arduino/wiring.o
 .bss.timer0_millis
                0x008004d1        0x4 arduino/wiring.o
                0x008004d1                timer0_millis
 .bss.timer0_overflow_count
                0x008004d5        0x4 arduino/wiring.o
                0x008004d5                timer0_overflow_count
 .bss._ZN14robot_tag_game18current_char_indexE
                0x008004d9        0x2 project3/gun.o
                0x008004d9                _ZN14robot_tag_game18current_char_indexE
 .bss._ZL1g     0x008004db        0x2 project3/gun.o
 .bss.transmit_lock
                0x008004dd        0x1 project3/radio/radio.o
 .bss._ZL9error_msg
                0x008004de        0x1 project3/rtos/os.o
 .bss._ZL33ticks_since_current_periodic_task
                0x008004df        0x2 project3/rtos/os.o
 .bss._ZL37ticks_at_next_periodic_schedule_check
                0x008004e1        0x2 project3/rtos/os.o
 .bss._ZL22periodic_tasks_running
                0x008004e3        0x1 project3/rtos/os.o
 .bss._ZL24ticks_since_system_start
                0x008004e4        0x2 project3/rtos/os.o
 .bss.current_periodic_task
                0x008004e6        0x2 project3/rtos/os.o
                0x008004e6                current_periodic_task
 .bss._ZL18periodic_task_list
                0x008004e8        0x4 project3/rtos/os.o
 .bss._ZL12system_queue
                0x008004ec        0x4 project3/rtos/os.o
 .bss._ZL8rr_queue
                0x008004f0        0x4 project3/rtos/os.o
 .bss._ZL15dead_pool_queue
                0x008004f4        0x4 project3/rtos/os.o
 .bss._ZL21kernel_request_retval
                0x008004f8        0x2 project3/rtos/os.o
 .bss._ZL26kernel_request_create_args
                0x008004fa        0xc project3/rtos/os.o
 .bss._ZL14kernel_request
                0x00800506        0x1 project3/rtos/os.o
 .bss._ZL30requested_service_subscription
                0x00800507        0x2 project3/rtos/os.o
 .bss._ZL17requested_service
                0x00800509        0x2 project3/rtos/os.o
 .bss._ZL8services
                0x0080050b       0x3c project3/rtos/os.o
 .bss._ZL9task_desc
                0x00800547      0xdd0 project3/rtos/os.o
 .bss._ZL9kernel_sp
                0x00801317        0x2 project3/rtos/os.o
 .bss._ZL8cur_task
                0x00801319        0x2 project3/rtos/os.o
 .bss.g         0x0080131b        0x5 project3/test.o
                0x0080131b                g
 *(COMMON)
                0x00801320                PROVIDE (__bss_end, .)
                0x00001dfe                __data_load_start = LOADADDR (.data)
                0x00001e26                __data_load_end = (__data_load_start + SIZEOF (.data))

.noinit         0x00801320        0x0
                0x00801320                PROVIDE (__noinit_start, .)
 *(.noinit*)
                0x00801320                PROVIDE (__noinit_end, .)
                0x00801320                _end = .
                0x00801320                PROVIDE (__heap_start, .)

.eeprom         0x00810000        0x0
 *(.eeprom*)
                0x00810000                __eeprom_end = .

.fuse
 *(.fuse)
 *(.lfuse)
 *(.hfuse)
 *(.efuse)

.lock
 *(.lock*)

.signature
 *(.signature*)

.user_signatures
 *(.user_signatures*)

.stab
 *(.stab)

.stabstr
 *(.stabstr)

.stab.excl
 *(.stab.excl)

.stab.exclstr
 *(.stab.exclstr)

.stab.index
 *(.stab.index)

.stab.indexstr
 *(.stab.indexstr)

.comment        0x00000000       0x30
 *(.comment)
 .comment       0x00000000       0x30 arduino/HardwareSerial.o
                                 0x31 (size before relaxing)
 .comment       0x00000000       0x31 arduino/Print.o
 .comment       0x00000000       0x31 arduino/wiring.o
 .comment       0x00000000       0x31 arduino/wiring_digital.o
 .comment       0x00000000       0x31 project3/gun.o
 .comment       0x00000000       0x31 project3/radio/radio.o
 .comment       0x00000000       0x31 project3/radio/spi.o
 .comment       0x00000000       0x31 project3/rtos/os.o
 .comment       0x00000000       0x31 project3/test.o

.note.gnu.build-id
 *(.note.gnu.build-id)

.debug
 *(.debug)

.line
 *(.line)

.debug_srcinfo
 *(.debug_srcinfo)

.debug_sfnames
 *(.debug_sfnames)

.debug_aranges  0x00000000      0x480
 *(.debug_aranges)
 .debug_aranges
                0x00000000       0xd8 arduino/HardwareSerial.o
 .debug_aranges
                0x000000d8       0xe8 arduino/Print.o
 .debug_aranges
                0x000001c0       0x48 arduino/wiring.o
 .debug_aranges
                0x00000208       0x38 arduino/wiring_digital.o
 .debug_aranges
                0x00000240       0x50 project3/gun.o
 .debug_aranges
                0x00000290       0x90 project3/radio/radio.o
 .debug_aranges
                0x00000320       0x38 project3/radio/spi.o
 .debug_aranges
                0x00000358       0xf0 project3/rtos/os.o
 .debug_aranges
                0x00000448       0x38 project3/test.o

.debug_pubnames
 *(.debug_pubnames)

.debug_info     0x00000000     0x812c
 *(.debug_info .gnu.linkonce.wi.*)
 .debug_info    0x00000000     0x217b arduino/HardwareSerial.o
 .debug_info    0x0000217b     0x25f2 arduino/Print.o
 .debug_info    0x0000476d      0x2ff arduino/wiring.o
 .debug_info    0x00004a6c      0x62e arduino/wiring_digital.o
 .debug_info    0x0000509a      0x4f8 project3/gun.o
 .debug_info    0x00005592      0xece project3/radio/radio.o
 .debug_info    0x00006460      0x153 project3/radio/spi.o
 .debug_info    0x000065b3     0x1613 project3/rtos/os.o
 .debug_info    0x00007bc6      0x566 project3/test.o

.debug_abbrev   0x00000000     0x19b1
 *(.debug_abbrev)
 .debug_abbrev  0x00000000      0x545 arduino/HardwareSerial.o
 .debug_abbrev  0x00000545      0x3b9 arduino/Print.o
 .debug_abbrev  0x000008fe      0x134 arduino/wiring.o
 .debug_abbrev  0x00000a32      0x15a arduino/wiring_digital.o
 .debug_abbrev  0x00000b8c      0x251 project3/gun.o
 .debug_abbrev  0x00000ddd      0x39a project3/radio/radio.o
 .debug_abbrev  0x00001177       0xc8 project3/radio/spi.o
 .debug_abbrev  0x0000123f      0x48c project3/rtos/os.o
 .debug_abbrev  0x000016cb      0x2e6 project3/test.o

.debug_line     0x00000000     0x2cb6
 *(.debug_line .debug_line.* .debug_line_end)
 .debug_line    0x00000000      0x714 arduino/HardwareSerial.o
 .debug_line    0x00000714      0x6b3 arduino/Print.o
 .debug_line    0x00000dc7      0x2d0 arduino/wiring.o
 .debug_line    0x00001097      0x2ac arduino/wiring_digital.o
 .debug_line    0x00001343      0x2ec project3/gun.o
 .debug_line    0x0000162f      0x6c8 project3/radio/radio.o
 .debug_line    0x00001cf7      0x166 project3/radio/spi.o
 .debug_line    0x00001e5d      0xc2c project3/rtos/os.o
 .debug_line    0x00002a89      0x22d project3/test.o

.debug_frame    0x00000000      0xfe4
 *(.debug_frame)
 .debug_frame   0x00000000      0x470 arduino/HardwareSerial.o
 .debug_frame   0x00000470      0x3b8 arduino/Print.o
 .debug_frame   0x00000828       0xbc arduino/wiring.o
 .debug_frame   0x000008e4       0x7c arduino/wiring_digital.o
 .debug_frame   0x00000960       0xe4 project3/gun.o
 .debug_frame   0x00000a44      0x270 project3/radio/radio.o
 .debug_frame   0x00000cb4       0x54 project3/radio/spi.o
 .debug_frame   0x00000d08      0x278 project3/rtos/os.o
 .debug_frame   0x00000f80       0x64 project3/test.o

.debug_str      0x00000000     0x24bc
 *(.debug_str)
 .debug_str     0x00000000     0x10bd arduino/HardwareSerial.o
                               0x11a1 (size before relaxing)
 .debug_str     0x000010bd      0x3b3 arduino/Print.o
                                0xe15 (size before relaxing)
 .debug_str     0x00001470      0x115 arduino/wiring.o
                                0x1da (size before relaxing)
 .debug_str     0x00001585       0xd6 arduino/wiring_digital.o
                                0x24e (size before relaxing)
 .debug_str     0x0000165b      0x1a2 project3/gun.o
                                0x341 (size before relaxing)
 .debug_str     0x000017fd      0x4a6 project3/radio/radio.o
                                0x64a (size before relaxing)
 .debug_str     0x00001ca3       0x18 project3/radio/spi.o
                                0x1a2 (size before relaxing)
 .debug_str     0x00001cbb      0x6e6 project3/rtos/os.o
                                0x9ab (size before relaxing)
 .debug_str     0x000023a1      0x11b project3/test.o
                                0x4bd (size before relaxing)

.debug_loc      0x00000000     0x55a7
 *(.debug_loc)
 .debug_loc     0x00000000      0xe4b arduino/HardwareSerial.o
 .debug_loc     0x00000e4b     0x1f08 arduino/Print.o
 .debug_loc     0x00002d53      0x22a arduino/wiring.o
 .debug_loc     0x00002f7d      0x700 arduino/wiring_digital.o
 .debug_loc     0x0000367d      0x2cb project3/gun.o
 .debug_loc     0x00003948      0xb0a project3/radio/radio.o
 .debug_loc     0x00004452       0xfb project3/radio/spi.o
 .debug_loc     0x0000454d     0x1013 project3/rtos/os.o
 .debug_loc     0x00005560       0x47 project3/test.o

.debug_macinfo
 *(.debug_macinfo)

.debug_weaknames
 *(.debug_weaknames)

.debug_funcnames
 *(.debug_funcnames)

.debug_typenames
 *(.debug_typenames)

.debug_varnames
 *(.debug_varnames)

.debug_pubtypes
 *(.debug_pubtypes)

.debug_ranges   0x00000000      0x550
 *(.debug_ranges)
 .debug_ranges  0x00000000       0xc8 arduino/HardwareSerial.o
 .debug_ranges  0x000000c8      0x150 arduino/Print.o
 .debug_ranges  0x00000218       0x38 arduino/wiring.o
 .debug_ranges  0x00000250       0x28 arduino/wiring_digital.o
 .debug_ranges  0x00000278       0x40 project3/gun.o
 .debug_ranges  0x000002b8       0x80 project3/radio/radio.o
 .debug_ranges  0x00000338       0x28 project3/radio/spi.o
 .debug_ranges  0x00000360      0x1c8 project3/rtos/os.o
 .debug_ranges  0x00000528       0x28 project3/test.o

.debug_macro
 *(.debug_macro)
OUTPUT(rtsystems.elf elf32-avr)
LOAD linker stubs
